// Jest Snapshot v1, https://goo.gl/fbAQLP

exports[`Events4 test renders correctly 1`] = `
<div>
  <div
    class="container"
  >
    <div
      class="row"
    >
      <article
        class="col-xs-12 col-sm-8"
      >
        <h1>
          American Flavors: A U.S. Food and Drink Guide
        </h1>
        <div>
          <p>
            Learn to order your food with confidence! This workshop will review the names and descriptions of several popular flavors and ingredients found throughout the United States. We shall also review guidelines for etiquette and tipping for takeout, dine-in, and delivery. This workshop series from Global Student Success is designed for international and non-native English speaking learners.
          </p>
        </div>
        <time
          datetime="2020-12-04T10:00:00.000Z"
        >
          Friday, December 4 at 10:00am
        </time>
        <div>
          Departments
        </div>
        <div>
          GSS
        </div>
      </article>
      <div
        class="col-xs-0 col-sm-3 col-sm-offset-1"
      >
        <div
          class="sidebar-module"
        >
          <h4
            class="labels"
          >
            More Events
          </h4>
          <ul
            class="list-inline"
          >
            <li
              class="margin-top"
            >
              <a
                href="/events1"
              >
                ECE MS Thesis Defense: Sila Deniz Calisgan
              </a>
              <time
                datetime="2020-11-30T09:30:00.000Z"
              >
                Mondey, November 30 at 9:30am
              </time>
            </li>
            <li
              class="margin-top"
            >
              <a
                href="/events2"
              >
                Cancelled! Biology Colloquia Series: Prof. Mark Alkema
              </a>
              <time
                datetime="2020-11-30T12:00:00.000Z"
              >
                Monday, November 30 at 12:00pm
              </time>
            </li>
            <li
              class="margin-top"
            >
              <a
                href="/events3"
              >
                Understanding the Importance of Standard and Non-Standard English Dialects
              </a>
              <time
                datetime="2020-12-02T09:00:00.000Z"
              >
                Wednesday, December 2 at 9:00am
              </time>
            </li>
            <li
              class="margin-top"
            >
              <a
                href="/events5"
              >
                Information Ethics Roundtable Speaker, Kevin Zollman
              </a>
              <time
                datetime="2020-12-16T09:00:00.000Z"
              >
                Wednesday, December 16 at 9:00am
              </time>
            </li>
            <li
              class="margin-top"
            >
              <a
                href="/events6"
              >
                Virtual Bookclub on Racial Inequality Moderated by Professor Patricia Williams
              </a>
              <time
                datetime="2021-02-04T19:00:00.000Z"
              >
                Thursday, February 4, 2021 at 7:00pm
              </time>
            </li>
          </ul>
        </div>
      </div>
    </div>
  </div>
</div>
`;
