// Jest Snapshot v1, https://goo.gl/fbAQLP

exports[`Inbox5 tests renders correctly 1`] = `
<div>
  <article
    class="container"
  >
    <header>
      <h1>
        Spring 2021 Registration begins November 13, 2020. Plan Your Class Schedule Now!
        <br />
         
        <small>
          send by 
          Registrar
        </small>
      </h1>
      <time
        datetime="2020-11-10T07:19:00.000Z"
      />
    </header>
    <div>
      <div>
        <p>
          Registration for the Spring 2021 semester begins November 13, 2020 at 8 a.m. for continuing graduate students. You will be assigned a time ticket based on your degree and overall credit hours (including current registration). You can view your time ticket beginning November 12th on the myNortheastern web portal. Students are encouraged to register early to ensure ongoing active student status. Log into your myNortheastern account to plan your schedule now in preparation for the start of registration. Please contact your department if you require registration assistance.
        </p>
        <p>
          Office of the University Registrar
        </p>
      </div>
    </div>
  </article>
</div>
`;
